// Jest Snapshot v1, https://goo.gl/fbAQLP

exports[`travis-after-success calls concurrently with both scripts when on travis 1`] = `
Array [
  Array [
    installing and running travis-deploy-once,
  ],
]
`;

exports[`travis-after-success calls concurrently with both scripts when on travis 2`] = `
Array [
  npx travis-deploy-once@5,
  concurrently --prefix [{name}] --names codecov,release --prefix-colors bgBlue.bold.reset,bgGreen.bold.reset "echo installing codecov && npx -p codecov@3 -c 'echo running codecov && codecov'" "echo installing semantic-release && npx -p semantic-release@16 -c 'echo running semantic-release && semantic-release'",
]
`;

exports[`travis-after-success does not do autorelease script when running on travis but in a pull request 1`] = `Array []`;

exports[`travis-after-success does not do autorelease script when running on travis but in a pull request 2`] = `
Array [
  concurrently --prefix [{name}] --names codecov --prefix-colors bgBlue.bold.reset "echo installing codecov && npx -p codecov@3 -c 'echo running codecov && codecov'",
]
`;

exports[`travis-after-success does not do the autorelease script when the version is different 1`] = `Array []`;

exports[`travis-after-success does not do the autorelease script when the version is different 2`] = `
Array [
  concurrently --prefix [{name}] --names codecov --prefix-colors bgBlue.bold.reset "echo installing codecov && npx -p codecov@3 -c 'echo running codecov && codecov'",
]
`;

exports[`travis-after-success does not do the codecov script when opted out 1`] = `
Array [
  Array [
    installing and running travis-deploy-once,
  ],
]
`;

exports[`travis-after-success does not do the codecov script when opted out 2`] = `
Array [
  npx travis-deploy-once@5,
  concurrently --prefix [{name}] --names release --prefix-colors bgBlue.bold.reset "echo installing semantic-release && npx -p semantic-release@16 -c 'echo running semantic-release && semantic-release'",
]
`;

exports[`travis-after-success does not do the codecov script when there is no coverage directory 1`] = `
Array [
  Array [
    installing and running travis-deploy-once,
  ],
]
`;

exports[`travis-after-success does not do the codecov script when there is no coverage directory 2`] = `
Array [
  npx travis-deploy-once@5,
  concurrently --prefix [{name}] --names release --prefix-colors bgBlue.bold.reset "echo installing semantic-release && npx -p semantic-release@16 -c 'echo running semantic-release && semantic-release'",
]
`;

exports[`travis-after-success does not run either script when no coverage dir and not the right version 1`] = `
Array [
  Array [
    No need to autorelease or report coverage. Skipping travis-after-success script...,
  ],
]
`;

exports[`travis-after-success does not run either script when no coverage dir and not the right version 2`] = `Array []`;
