// Jest Snapshot v1, https://goo.gl/fbAQLP

exports[`getConcurrentlyArgs gives good args to pass to concurrently 1`] = `
Array [
  --kill-others-on-fail,
  --prefix,
  [{name}],
  --names,
  build,lint,test,validate,a,b,c,d,e,f,g,h,i,j,
  --prefix-colors,
  bgBlue.bold.white,bgGreen.bold.white,bgMagenta.bold.white,bgCyan.bold.white,bgWhite.bold.white,bgRed.bold.white,bgBlack.bold.white,bgYellow.bold.white,bgBlue.bold.white,bgGreen.bold.white,bgMagenta.bold.white,bgCyan.bold.white,bgWhite.bold.white,bgRed.bold.white,
  "echo build",
  "echo lint",
  "echo test",
  "echo validate",
  "echo a",
  "echo b",
  "echo c",
  "echo d",
  "echo e",
  "echo f",
  "echo g",
  "echo h",
  "echo i",
  "echo j",
]
`;
